// Jest Snapshot v1, https://goo.gl/fbAQLP

exports[`Character Component Renders a Character 1`] = `
<section>
  <img
    src="/image"
  />
  <p>
    Morty
  </p>
  <p>
    Alive
  </p>
  <p>
    Human
  </p>
</section>
`;
